Ошибка в строке #9 - Недопускается писать 1 переменную/число: 0
Ошибка в строке #9 - Недопускается писать 1 переменную/число: 0
Ошибка в строке #9 - Недопускается писать 1 переменную/число: 0
Ошибка в строке #9 - Недопускается писать 1 переменную/число: 0
Ошибка в строке #9 - Недопускается писать 1 переменную/число: 0
Ошибка в строке #9 - Недопускается писать 1 переменную/число: 0
